============================= test session starts =============================
platform win32 -- Python 3.12.10, pytest-9.1.1, pluggy-1.6.0 -- C:\Users\Essa\AppData\Local\Microsoft\WindowsApps\PythonSoftwareFoundation.Python.3.12_qbz5n2kfra8p0\python.exe
cachedir: .pytest_cache
rootdir: C:\Users\Essa\Downloads\securemed\backend
configfile: pytest.ini
plugins: anyio-4.12.1, Faker-40.37.0, asyncio-1.4.0, cov-7.1.0
asyncio: mode=Mode.STRICT, debug=False, asyncio_default_fixture_loop_scope=None, asyncio_default_test_loop_scope=function
collecting ... collected 0 items / 13 errors

=================================== ERRORS ====================================
___________________ ERROR collecting tests/test_accounts.py ___________________
C:\Program Files\WindowsApps\PythonSoftwareFoundation.Python.3.12_3.12.2800.0_x64__qbz5n2kfra8p0\Lib\importlib\__init__.py:90: in import_module
    return _bootstrap._gcd_import(name[level:], package, level)
           ^^^^^^^^^^^^^^^^^^^^^^^^^^^^^^^^^^^^^^^^^^^^^^^^^^^^
<frozen importlib._bootstrap>:1387: in _gcd_import
    ???
<frozen importlib._bootstrap>:1360: in _find_and_load
    ???
<frozen importlib._bootstrap>:1331: in _find_and_load_unlocked
    ???
<frozen importlib._bootstrap>:935: in _load_unlocked
    ???
..\..\..\AppData\Local\Packages\PythonSoftwareFoundation.Python.3.12_qbz5n2kfra8p0\LocalCache\local-packages\Python312\site-packages\_pytest\assertion\rewrite.py:188: in exec_module
    exec(co, module.__dict__)
C:\Users\Essa\Downloads\securemed\SecureMed-main\backend\tests\test_accounts.py:6: in <module>
    ???
..\..\..\AppData\Local\Packages\PythonSoftwareFoundation.Python.3.12_qbz5n2kfra8p0\LocalCache\local-packages\Python312\site-packages\rest_framework\test.py:138: in <module>
    class APIRequestFactory(DjangoRequestFactory):
..\..\..\AppData\Local\Packages\PythonSoftwareFoundation.Python.3.12_qbz5n2kfra8p0\LocalCache\local-packages\Python312\site-packages\rest_framework\test.py:139: in APIRequestFactory
    renderer_classes_list = api_settings.TEST_REQUEST_RENDERER_CLASSES
                            ^^^^^^^^^^^^^^^^^^^^^^^^^^^^^^^^^^^^^^^^^^
..\..\..\AppData\Local\Packages\PythonSoftwareFoundation.Python.3.12_qbz5n2kfra8p0\LocalCache\local-packages\Python312\site-packages\rest_framework\settings.py:220: in __getattr__
    val = self.user_settings[attr]
          ^^^^^^^^^^^^^^^^^^
..\..\..\AppData\Local\Packages\PythonSoftwareFoundation.Python.3.12_qbz5n2kfra8p0\LocalCache\local-packages\Python312\site-packages\rest_framework\settings.py:211: in user_settings
    self._user_settings = getattr(settings, 'REST_FRAMEWORK', {})
                          ^^^^^^^^^^^^^^^^^^^^^^^^^^^^^^^^^^^^^^^
..\..\..\AppData\Local\Packages\PythonSoftwareFoundation.Python.3.12_qbz5n2kfra8p0\LocalCache\local-packages\Python312\site-packages\django\conf\__init__.py:75: in __getattr__
    self._setup(name)
..\..\..\AppData\Local\Packages\PythonSoftwareFoundation.Python.3.12_qbz5n2kfra8p0\LocalCache\local-packages\Python312\site-packages\django\conf\__init__.py:55: in _setup
    raise ImproperlyConfigured(
E   django.core.exceptions.ImproperlyConfigured: Requested setting REST_FRAMEWORK, but settings are not configured. You must either define the environment variable DJANGO_SETTINGS_MODULE or call settings.configure() before accessing settings.
_________________ ERROR collecting tests/test_appointments.py _________________
tests\test_appointments.py:8: in <module>
    from rest_framework.test import APIClient
..\..\..\AppData\Local\Packages\PythonSoftwareFoundation.Python.3.12_qbz5n2kfra8p0\LocalCache\local-packages\Python312\site-packages\rest_framework\test.py:138: in <module>
    class APIRequestFactory(DjangoRequestFactory):
..\..\..\AppData\Local\Packages\PythonSoftwareFoundation.Python.3.12_qbz5n2kfra8p0\LocalCache\local-packages\Python312\site-packages\rest_framework\test.py:139: in APIRequestFactory
    renderer_classes_list = api_settings.TEST_REQUEST_RENDERER_CLASSES
                            ^^^^^^^^^^^^^^^^^^^^^^^^^^^^^^^^^^^^^^^^^^
..\..\..\AppData\Local\Packages\PythonSoftwareFoundation.Python.3.12_qbz5n2kfra8p0\LocalCache\local-packages\Python312\site-packages\rest_framework\settings.py:220: in __getattr__
    val = self.user_settings[attr]
          ^^^^^^^^^^^^^^^^^^
..\..\..\AppData\Local\Packages\PythonSoftwareFoundation.Python.3.12_qbz5n2kfra8p0\LocalCache\local-packages\Python312\site-packages\rest_framework\settings.py:211: in user_settings
    self._user_settings = getattr(settings, 'REST_FRAMEWORK', {})
                          ^^^^^^^^^^^^^^^^^^^^^^^^^^^^^^^^^^^^^^^
..\..\..\AppData\Local\Packages\PythonSoftwareFoundation.Python.3.12_qbz5n2kfra8p0\LocalCache\local-packages\Python312\site-packages\django\conf\__init__.py:75: in __getattr__
    self._setup(name)
..\..\..\AppData\Local\Packages\PythonSoftwareFoundation.Python.3.12_qbz5n2kfra8p0\LocalCache\local-packages\Python312\site-packages\django\conf\__init__.py:55: in _setup
    raise ImproperlyConfigured(
E   django.core.exceptions.ImproperlyConfigured: Requested setting REST_FRAMEWORK, but settings are not configured. You must either define the environment variable DJANGO_SETTINGS_MODULE or call settings.configure() before accessing settings.
____________________ ERROR collecting tests/test_audit.py _____________________
tests\test_audit.py:5: in <module>
    from rest_framework.test import APIClient
..\..\..\AppData\Local\Packages\PythonSoftwareFoundation.Python.3.12_qbz5n2kfra8p0\LocalCache\local-packages\Python312\site-packages\rest_framework\test.py:138: in <module>
    class APIRequestFactory(DjangoRequestFactory):
..\..\..\AppData\Local\Packages\PythonSoftwareFoundation.Python.3.12_qbz5n2kfra8p0\LocalCache\local-packages\Python312\site-packages\rest_framework\test.py:139: in APIRequestFactory
    renderer_classes_list = api_settings.TEST_REQUEST_RENDERER_CLASSES
                            ^^^^^^^^^^^^^^^^^^^^^^^^^^^^^^^^^^^^^^^^^^
..\..\..\AppData\Local\Packages\PythonSoftwareFoundation.Python.3.12_qbz5n2kfra8p0\LocalCache\local-packages\Python312\site-packages\rest_framework\settings.py:220: in __getattr__
    val = self.user_settings[attr]
          ^^^^^^^^^^^^^^^^^^
..\..\..\AppData\Local\Packages\PythonSoftwareFoundation.Python.3.12_qbz5n2kfra8p0\LocalCache\local-packages\Python312\site-packages\rest_framework\settings.py:211: in user_settings
    self._user_settings = getattr(settings, 'REST_FRAMEWORK', {})
                          ^^^^^^^^^^^^^^^^^^^^^^^^^^^^^^^^^^^^^^^
..\..\..\AppData\Local\Packages\PythonSoftwareFoundation.Python.3.12_qbz5n2kfra8p0\LocalCache\local-packages\Python312\site-packages\django\conf\__init__.py:75: in __getattr__
    self._setup(name)
..\..\..\AppData\Local\Packages\PythonSoftwareFoundation.Python.3.12_qbz5n2kfra8p0\LocalCache\local-packages\Python312\site-packages\django\conf\__init__.py:55: in _setup
    raise ImproperlyConfigured(
E   django.core.exceptions.ImproperlyConfigured: Requested setting REST_FRAMEWORK, but settings are not configured. You must either define the environment variable DJANGO_SETTINGS_MODULE or call settings.configure() before accessing settings.
___________________ ERROR collecting tests/test_backups.py ____________________
tests\test_backups.py:13: in <module>
    from rest_framework.test import APIClient
..\..\..\AppData\Local\Packages\PythonSoftwareFoundation.Python.3.12_qbz5n2kfra8p0\LocalCache\local-packages\Python312\site-packages\rest_framework\test.py:138: in <module>
    class APIRequestFactory(DjangoRequestFactory):
..\..\..\AppData\Local\Packages\PythonSoftwareFoundation.Python.3.12_qbz5n2kfra8p0\LocalCache\local-packages\Python312\site-packages\rest_framework\test.py:139: in APIRequestFactory
    renderer_classes_list = api_settings.TEST_REQUEST_RENDERER_CLASSES
                            ^^^^^^^^^^^^^^^^^^^^^^^^^^^^^^^^^^^^^^^^^^
..\..\..\AppData\Local\Packages\PythonSoftwareFoundation.Python.3.12_qbz5n2kfra8p0\LocalCache\local-packages\Python312\site-packages\rest_framework\settings.py:220: in __getattr__
    val = self.user_settings[attr]
          ^^^^^^^^^^^^^^^^^^
..\..\..\AppData\Local\Packages\PythonSoftwareFoundation.Python.3.12_qbz5n2kfra8p0\LocalCache\local-packages\Python312\site-packages\rest_framework\settings.py:211: in user_settings
    self._user_settings = getattr(settings, 'REST_FRAMEWORK', {})
                          ^^^^^^^^^^^^^^^^^^^^^^^^^^^^^^^^^^^^^^^
..\..\..\AppData\Local\Packages\PythonSoftwareFoundation.Python.3.12_qbz5n2kfra8p0\LocalCache\local-packages\Python312\site-packages\django\conf\__init__.py:75: in __getattr__
    self._setup(name)
..\..\..\AppData\Local\Packages\PythonSoftwareFoundation.Python.3.12_qbz5n2kfra8p0\LocalCache\local-packages\Python312\site-packages\django\conf\__init__.py:55: in _setup
    raise ImproperlyConfigured(
E   django.core.exceptions.ImproperlyConfigured: Requested setting REST_FRAMEWORK, but settings are not configured. You must either define the environment variable DJANGO_SETTINGS_MODULE or call settings.configure() before accessing settings.
____________________ ERROR collecting tests/test_basins.py ____________________
tests\test_basins.py:12: in <module>
    from rest_framework.test import APIClient
..\..\..\AppData\Local\Packages\PythonSoftwareFoundation.Python.3.12_qbz5n2kfra8p0\LocalCache\local-packages\Python312\site-packages\rest_framework\test.py:138: in <module>
    class APIRequestFactory(DjangoRequestFactory):
..\..\..\AppData\Local\Packages\PythonSoftwareFoundation.Python.3.12_qbz5n2kfra8p0\LocalCache\local-packages\Python312\site-packages\rest_framework\test.py:139: in APIRequestFactory
    renderer_classes_list = api_settings.TEST_REQUEST_RENDERER_CLASSES
                            ^^^^^^^^^^^^^^^^^^^^^^^^^^^^^^^^^^^^^^^^^^
..\..\..\AppData\Local\Packages\PythonSoftwareFoundation.Python.3.12_qbz5n2kfra8p0\LocalCache\local-packages\Python312\site-packages\rest_framework\settings.py:220: in __getattr__
    val = self.user_settings[attr]
          ^^^^^^^^^^^^^^^^^^
..\..\..\AppData\Local\Packages\PythonSoftwareFoundation.Python.3.12_qbz5n2kfra8p0\LocalCache\local-packages\Python312\site-packages\rest_framework\settings.py:211: in user_settings
    self._user_settings = getattr(settings, 'REST_FRAMEWORK', {})
                          ^^^^^^^^^^^^^^^^^^^^^^^^^^^^^^^^^^^^^^^
..\..\..\AppData\Local\Packages\PythonSoftwareFoundation.Python.3.12_qbz5n2kfra8p0\LocalCache\local-packages\Python312\site-packages\django\conf\__init__.py:75: in __getattr__
    self._setup(name)
..\..\..\AppData\Local\Packages\PythonSoftwareFoundation.Python.3.12_qbz5n2kfra8p0\LocalCache\local-packages\Python312\site-packages\django\conf\__init__.py:55: in _setup
    raise ImproperlyConfigured(
E   django.core.exceptions.ImproperlyConfigured: Requested setting REST_FRAMEWORK, but settings are not configured. You must either define the environment variable DJANGO_SETTINGS_MODULE or call settings.configure() before accessing settings.
___________________ ERROR collecting tests/test_channels.py ___________________
tests\test_channels.py:6: in <module>
    from rest_framework.test import APIClient
..\..\..\AppData\Local\Packages\PythonSoftwareFoundation.Python.3.12_qbz5n2kfra8p0\LocalCache\local-packages\Python312\site-packages\rest_framework\test.py:138: in <module>
    class APIRequestFactory(DjangoRequestFactory):
..\..\..\AppData\Local\Packages\PythonSoftwareFoundation.Python.3.12_qbz5n2kfra8p0\LocalCache\local-packages\Python312\site-packages\rest_framework\test.py:139: in APIRequestFactory
    renderer_classes_list = api_settings.TEST_REQUEST_RENDERER_CLASSES
                            ^^^^^^^^^^^^^^^^^^^^^^^^^^^^^^^^^^^^^^^^^^
..\..\..\AppData\Local\Packages\PythonSoftwareFoundation.Python.3.12_qbz5n2kfra8p0\LocalCache\local-packages\Python312\site-packages\rest_framework\settings.py:220: in __getattr__
    val = self.user_settings[attr]
          ^^^^^^^^^^^^^^^^^^
..\..\..\AppData\Local\Packages\PythonSoftwareFoundation.Python.3.12_qbz5n2kfra8p0\LocalCache\local-packages\Python312\site-packages\rest_framework\settings.py:211: in user_settings
    self._user_settings = getattr(settings, 'REST_FRAMEWORK', {})
                          ^^^^^^^^^^^^^^^^^^^^^^^^^^^^^^^^^^^^^^^
..\..\..\AppData\Local\Packages\PythonSoftwareFoundation.Python.3.12_qbz5n2kfra8p0\LocalCache\local-packages\Python312\site-packages\django\conf\__init__.py:75: in __getattr__
    self._setup(name)
..\..\..\AppData\Local\Packages\PythonSoftwareFoundation.Python.3.12_qbz5n2kfra8p0\LocalCache\local-packages\Python312\site-packages\django\conf\__init__.py:55: in _setup
    raise ImproperlyConfigured(
E   django.core.exceptions.ImproperlyConfigured: Requested setting REST_FRAMEWORK, but settings are not configured. You must either define the environment variable DJANGO_SETTINGS_MODULE or call settings.configure() before accessing settings.
_________________ ERROR collecting tests/test_integration.py __________________
tests\test_integration.py:6: in <module>
    from rest_framework.test import APIClient
..\..\..\AppData\Local\Packages\PythonSoftwareFoundation.Python.3.12_qbz5n2kfra8p0\LocalCache\local-packages\Python312\site-packages\rest_framework\test.py:138: in <module>
    class APIRequestFactory(DjangoRequestFactory):
..\..\..\AppData\Local\Packages\PythonSoftwareFoundation.Python.3.12_qbz5n2kfra8p0\LocalCache\local-packages\Python312\site-packages\rest_framework\test.py:139: in APIRequestFactory
    renderer_classes_list = api_settings.TEST_REQUEST_RENDERER_CLASSES
                            ^^^^^^^^^^^^^^^^^^^^^^^^^^^^^^^^^^^^^^^^^^
..\..\..\AppData\Local\Packages\PythonSoftwareFoundation.Python.3.12_qbz5n2kfra8p0\LocalCache\local-packages\Python312\site-packages\rest_framework\settings.py:220: in __getattr__
    val = self.user_settings[attr]
          ^^^^^^^^^^^^^^^^^^
..\..\..\AppData\Local\Packages\PythonSoftwareFoundation.Python.3.12_qbz5n2kfra8p0\LocalCache\local-packages\Python312\site-packages\rest_framework\settings.py:211: in user_settings
    self._user_settings = getattr(settings, 'REST_FRAMEWORK', {})
                          ^^^^^^^^^^^^^^^^^^^^^^^^^^^^^^^^^^^^^^^
..\..\..\AppData\Local\Packages\PythonSoftwareFoundation.Python.3.12_qbz5n2kfra8p0\LocalCache\local-packages\Python312\site-packages\django\conf\__init__.py:75: in __getattr__
    self._setup(name)
..\..\..\AppData\Local\Packages\PythonSoftwareFoundation.Python.3.12_qbz5n2kfra8p0\LocalCache\local-packages\Python312\site-packages\django\conf\__init__.py:55: in _setup
    raise ImproperlyConfigured(
E   django.core.exceptions.ImproperlyConfigured: Requested setting REST_FRAMEWORK, but settings are not configured. You must either define the environment variable DJANGO_SETTINGS_MODULE or call settings.configure() before accessing settings.
________________ ERROR collecting tests/test_password_reset.py ________________
tests\test_password_reset.py:16: in <module>
    from rest_framework.test import APIClient
..\..\..\AppData\Local\Packages\PythonSoftwareFoundation.Python.3.12_qbz5n2kfra8p0\LocalCache\local-packages\Python312\site-packages\rest_framework\test.py:138: in <module>
    class APIRequestFactory(DjangoRequestFactory):
..\..\..\AppData\Local\Packages\PythonSoftwareFoundation.Python.3.12_qbz5n2kfra8p0\LocalCache\local-packages\Python312\site-packages\rest_framework\test.py:139: in APIRequestFactory
    renderer_classes_list = api_settings.TEST_REQUEST_RENDERER_CLASSES
                            ^^^^^^^^^^^^^^^^^^^^^^^^^^^^^^^^^^^^^^^^^^
..\..\..\AppData\Local\Packages\PythonSoftwareFoundation.Python.3.12_qbz5n2kfra8p0\LocalCache\local-packages\Python312\site-packages\rest_framework\settings.py:220: in __getattr__
    val = self.user_settings[attr]
          ^^^^^^^^^^^^^^^^^^
..\..\..\AppData\Local\Packages\PythonSoftwareFoundation.Python.3.12_qbz5n2kfra8p0\LocalCache\local-packages\Python312\site-packages\rest_framework\settings.py:211: in user_settings
    self._user_settings = getattr(settings, 'REST_FRAMEWORK', {})
                          ^^^^^^^^^^^^^^^^^^^^^^^^^^^^^^^^^^^^^^^
..\..\..\AppData\Local\Packages\PythonSoftwareFoundation.Python.3.12_qbz5n2kfra8p0\LocalCache\local-packages\Python312\site-packages\django\conf\__init__.py:75: in __getattr__
    self._setup(name)
..\..\..\AppData\Local\Packages\PythonSoftwareFoundation.Python.3.12_qbz5n2kfra8p0\LocalCache\local-packages\Python312\site-packages\django\conf\__init__.py:55: in _setup
    raise ImproperlyConfigured(
E   django.core.exceptions.ImproperlyConfigured: Requested setting REST_FRAMEWORK, but settings are not configured. You must either define the environment variable DJANGO_SETTINGS_MODULE or call settings.configure() before accessing settings.
___________________ ERROR collecting tests/test_patients.py ___________________
tests\test_patients.py:6: in <module>
    from rest_framework.test import APIClient
..\..\..\AppData\Local\Packages\PythonSoftwareFoundation.Python.3.12_qbz5n2kfra8p0\LocalCache\local-packages\Python312\site-packages\rest_framework\test.py:138: in <module>
    class APIRequestFactory(DjangoRequestFactory):
..\..\..\AppData\Local\Packages\PythonSoftwareFoundation.Python.3.12_qbz5n2kfra8p0\LocalCache\local-packages\Python312\site-packages\rest_framework\test.py:139: in APIRequestFactory
    renderer_classes_list = api_settings.TEST_REQUEST_RENDERER_CLASSES
                            ^^^^^^^^^^^^^^^^^^^^^^^^^^^^^^^^^^^^^^^^^^
..\..\..\AppData\Local\Packages\PythonSoftwareFoundation.Python.3.12_qbz5n2kfra8p0\LocalCache\local-packages\Python312\site-packages\rest_framework\settings.py:220: in __getattr__
    val = self.user_settings[attr]
          ^^^^^^^^^^^^^^^^^^
..\..\..\AppData\Local\Packages\PythonSoftwareFoundation.Python.3.12_qbz5n2kfra8p0\LocalCache\local-packages\Python312\site-packages\rest_framework\settings.py:211: in user_settings
    self._user_settings = getattr(settings, 'REST_FRAMEWORK', {})
                          ^^^^^^^^^^^^^^^^^^^^^^^^^^^^^^^^^^^^^^^
..\..\..\AppData\Local\Packages\PythonSoftwareFoundation.Python.3.12_qbz5n2kfra8p0\LocalCache\local-packages\Python312\site-packages\django\conf\__init__.py:75: in __getattr__
    self._setup(name)
..\..\..\AppData\Local\Packages\PythonSoftwareFoundation.Python.3.12_qbz5n2kfra8p0\LocalCache\local-packages\Python312\site-packages\django\conf\__init__.py:55: in _setup
    raise ImproperlyConfigured(
E   django.core.exceptions.ImproperlyConfigured: Requested setting REST_FRAMEWORK, but settings are not configured. You must either define the environment variable DJANGO_SETTINGS_MODULE or call settings.configure() before accessing settings.
_______________ ERROR collecting tests/test_phase4_features.py ________________
tests\test_phase4_features.py:11: in <module>
    from rest_framework.test import APIClient
..\..\..\AppData\Local\Packages\PythonSoftwareFoundation.Python.3.12_qbz5n2kfra8p0\LocalCache\local-packages\Python312\site-packages\rest_framework\test.py:138: in <module>
    class APIRequestFactory(DjangoRequestFactory):
..\..\..\AppData\Local\Packages\PythonSoftwareFoundation.Python.3.12_qbz5n2kfra8p0\LocalCache\local-packages\Python312\site-packages\rest_framework\test.py:139: in APIRequestFactory
    renderer_classes_list = api_settings.TEST_REQUEST_RENDERER_CLASSES
                            ^^^^^^^^^^^^^^^^^^^^^^^^^^^^^^^^^^^^^^^^^^
..\..\..\AppData\Local\Packages\PythonSoftwareFoundation.Python.3.12_qbz5n2kfra8p0\LocalCache\local-packages\Python312\site-packages\rest_framework\settings.py:220: in __getattr__
    val = self.user_settings[attr]
          ^^^^^^^^^^^^^^^^^^
..\..\..\AppData\Local\Packages\PythonSoftwareFoundation.Python.3.12_qbz5n2kfra8p0\LocalCache\local-packages\Python312\site-packages\rest_framework\settings.py:211: in user_settings
    self._user_settings = getattr(settings, 'REST_FRAMEWORK', {})
                          ^^^^^^^^^^^^^^^^^^^^^^^^^^^^^^^^^^^^^^^
..\..\..\AppData\Local\Packages\PythonSoftwareFoundation.Python.3.12_qbz5n2kfra8p0\LocalCache\local-packages\Python312\site-packages\django\conf\__init__.py:75: in __getattr__
    self._setup(name)
..\..\..\AppData\Local\Packages\PythonSoftwareFoundation.Python.3.12_qbz5n2kfra8p0\LocalCache\local-packages\Python312\site-packages\django\conf\__init__.py:55: in _setup
    raise ImproperlyConfigured(
E   django.core.exceptions.ImproperlyConfigured: Requested setting REST_FRAMEWORK, but settings are not configured. You must either define the environment variable DJANGO_SETTINGS_MODULE or call settings.configure() before accessing settings.
_______________ ERROR collecting tests/test_phase5_features.py ________________
tests\test_phase5_features.py:17: in <module>
    from rest_framework.test import APIClient
..\..\..\AppData\Local\Packages\PythonSoftwareFoundation.Python.3.12_qbz5n2kfra8p0\LocalCache\local-packages\Python312\site-packages\rest_framework\test.py:138: in <module>
    class APIRequestFactory(DjangoRequestFactory):
..\..\..\AppData\Local\Packages\PythonSoftwareFoundation.Python.3.12_qbz5n2kfra8p0\LocalCache\local-packages\Python312\site-packages\rest_framework\test.py:139: in APIRequestFactory
    renderer_classes_list = api_settings.TEST_REQUEST_RENDERER_CLASSES
                            ^^^^^^^^^^^^^^^^^^^^^^^^^^^^^^^^^^^^^^^^^^
..\..\..\AppData\Local\Packages\PythonSoftwareFoundation.Python.3.12_qbz5n2kfra8p0\LocalCache\local-packages\Python312\site-packages\rest_framework\settings.py:220: in __getattr__
    val = self.user_settings[attr]
          ^^^^^^^^^^^^^^^^^^
..\..\..\AppData\Local\Packages\PythonSoftwareFoundation.Python.3.12_qbz5n2kfra8p0\LocalCache\local-packages\Python312\site-packages\rest_framework\settings.py:211: in user_settings
    self._user_settings = getattr(settings, 'REST_FRAMEWORK', {})
                          ^^^^^^^^^^^^^^^^^^^^^^^^^^^^^^^^^^^^^^^
..\..\..\AppData\Local\Packages\PythonSoftwareFoundation.Python.3.12_qbz5n2kfra8p0\LocalCache\local-packages\Python312\site-packages\django\conf\__init__.py:75: in __getattr__
    self._setup(name)
..\..\..\AppData\Local\Packages\PythonSoftwareFoundation.Python.3.12_qbz5n2kfra8p0\LocalCache\local-packages\Python312\site-packages\django\conf\__init__.py:55: in _setup
    raise ImproperlyConfigured(
E   django.core.exceptions.ImproperlyConfigured: Requested setting REST_FRAMEWORK, but settings are not configured. You must either define the environment variable DJANGO_SETTINGS_MODULE or call settings.configure() before accessing settings.
______________ ERROR collecting tests/test_phase6_deployment.py _______________
tests\test_phase6_deployment.py:13: in <module>
    from rest_framework.test import APIClient
..\..\..\AppData\Local\Packages\PythonSoftwareFoundation.Python.3.12_qbz5n2kfra8p0\LocalCache\local-packages\Python312\site-packages\rest_framework\test.py:138: in <module>
    class APIRequestFactory(DjangoRequestFactory):
..\..\..\AppData\Local\Packages\PythonSoftwareFoundation.Python.3.12_qbz5n2kfra8p0\LocalCache\local-packages\Python312\site-packages\rest_framework\test.py:139: in APIRequestFactory
    renderer_classes_list = api_settings.TEST_REQUEST_RENDERER_CLASSES
                            ^^^^^^^^^^^^^^^^^^^^^^^^^^^^^^^^^^^^^^^^^^
..\..\..\AppData\Local\Packages\PythonSoftwareFoundation.Python.3.12_qbz5n2kfra8p0\LocalCache\local-packages\Python312\site-packages\rest_framework\settings.py:220: in __getattr__
    val = self.user_settings[attr]
          ^^^^^^^^^^^^^^^^^^
..\..\..\AppData\Local\Packages\PythonSoftwareFoundation.Python.3.12_qbz5n2kfra8p0\LocalCache\local-packages\Python312\site-packages\rest_framework\settings.py:211: in user_settings
    self._user_settings = getattr(settings, 'REST_FRAMEWORK', {})
                          ^^^^^^^^^^^^^^^^^^^^^^^^^^^^^^^^^^^^^^^
..\..\..\AppData\Local\Packages\PythonSoftwareFoundation.Python.3.12_qbz5n2kfra8p0\LocalCache\local-packages\Python312\site-packages\django\conf\__init__.py:75: in __getattr__
    self._setup(name)
..\..\..\AppData\Local\Packages\PythonSoftwareFoundation.Python.3.12_qbz5n2kfra8p0\LocalCache\local-packages\Python312\site-packages\django\conf\__init__.py:55: in _setup
    raise ImproperlyConfigured(
E   django.core.exceptions.ImproperlyConfigured: Requested setting REST_FRAMEWORK, but settings are not configured. You must either define the environment variable DJANGO_SETTINGS_MODULE or call settings.configure() before accessing settings.
___________________ ERROR collecting tests/test_security.py ___________________
tests\test_security.py:7: in <module>
    from rest_framework.test import APIClient
..\..\..\AppData\Local\Packages\PythonSoftwareFoundation.Python.3.12_qbz5n2kfra8p0\LocalCache\local-packages\Python312\site-packages\rest_framework\test.py:138: in <module>
    class APIRequestFactory(DjangoRequestFactory):
..\..\..\AppData\Local\Packages\PythonSoftwareFoundation.Python.3.12_qbz5n2kfra8p0\LocalCache\local-packages\Python312\site-packages\rest_framework\test.py:139: in APIRequestFactory
    renderer_classes_list = api_settings.TEST_REQUEST_RENDERER_CLASSES
                            ^^^^^^^^^^^^^^^^^^^^^^^^^^^^^^^^^^^^^^^^^^
..\..\..\AppData\Local\Packages\PythonSoftwareFoundation.Python.3.12_qbz5n2kfra8p0\LocalCache\local-packages\Python312\site-packages\rest_framework\settings.py:220: in __getattr__
    val = self.user_settings[attr]
          ^^^^^^^^^^^^^^^^^^
..\..\..\AppData\Local\Packages\PythonSoftwareFoundation.Python.3.12_qbz5n2kfra8p0\LocalCache\local-packages\Python312\site-packages\rest_framework\settings.py:211: in user_settings
    self._user_settings = getattr(settings, 'REST_FRAMEWORK', {})
                          ^^^^^^^^^^^^^^^^^^^^^^^^^^^^^^^^^^^^^^^
..\..\..\AppData\Local\Packages\PythonSoftwareFoundation.Python.3.12_qbz5n2kfra8p0\LocalCache\local-packages\Python312\site-packages\django\conf\__init__.py:75: in __getattr__
    self._setup(name)
..\..\..\AppData\Local\Packages\PythonSoftwareFoundation.Python.3.12_qbz5n2kfra8p0\LocalCache\local-packages\Python312\site-packages\django\conf\__init__.py:55: in _setup
    raise ImproperlyConfigured(
E   django.core.exceptions.ImproperlyConfigured: Requested setting REST_FRAMEWORK, but settings are not configured. You must either define the environment variable DJANGO_SETTINGS_MODULE or call settings.configure() before accessing settings.
============================== warnings summary ===============================
..\..\..\AppData\Local\Packages\PythonSoftwareFoundation.Python.3.12_qbz5n2kfra8p0\LocalCache\local-packages\Python312\site-packages\_pytest\config\__init__.py:1464
  C:\Users\Essa\AppData\Local\Packages\PythonSoftwareFoundation.Python.3.12_qbz5n2kfra8p0\LocalCache\local-packages\Python312\site-packages\_pytest\config\__init__.py:1464: PytestConfigWarning: Unknown config option: DJANGO_SETTINGS_MODULE
  
    self._warn_or_fail_if_strict(f"Unknown config option: {key}\n")

-- Docs: https://docs.pytest.org/en/stable/how-to/capture-warnings.html
=========================== short test summary info ===========================
ERROR tests/test_accounts.py - django.core.exceptions.ImproperlyConfigured: Requested setting REST_FRAMEWORK, but settings are not configured. You must either define the environment variable DJANGO_SETTINGS_MODULE or call settings.configure() before accessing settings.
ERROR tests/test_appointments.py - django.core.exceptions.ImproperlyConfigured: Requested setting REST_FRAMEWORK, but settings are not configured. You must either define the environment variable DJANGO_SETTINGS_MODULE or call settings.configure() before accessing settings.
ERROR tests/test_audit.py - django.core.exceptions.ImproperlyConfigured: Requested setting REST_FRAMEWORK, but settings are not configured. You must either define the environment variable DJANGO_SETTINGS_MODULE or call settings.configure() before accessing settings.
ERROR tests/test_backups.py - django.core.exceptions.ImproperlyConfigured: Requested setting REST_FRAMEWORK, but settings are not configured. You must either define the environment variable DJANGO_SETTINGS_MODULE or call settings.configure() before accessing settings.
ERROR tests/test_basins.py - django.core.exceptions.ImproperlyConfigured: Requested setting REST_FRAMEWORK, but settings are not configured. You must either define the environment variable DJANGO_SETTINGS_MODULE or call settings.configure() before accessing settings.
ERROR tests/test_channels.py - django.core.exceptions.ImproperlyConfigured: Requested setting REST_FRAMEWORK, but settings are not configured. You must either define the environment variable DJANGO_SETTINGS_MODULE or call settings.configure() before accessing settings.
ERROR tests/test_integration.py - django.core.exceptions.ImproperlyConfigured: Requested setting REST_FRAMEWORK, but settings are not configured. You must either define the environment variable DJANGO_SETTINGS_MODULE or call settings.configure() before accessing settings.
ERROR tests/test_password_reset.py - django.core.exceptions.ImproperlyConfigured: Requested setting REST_FRAMEWORK, but settings are not configured. You must either define the environment variable DJANGO_SETTINGS_MODULE or call settings.configure() before accessing settings.
ERROR tests/test_patients.py - django.core.exceptions.ImproperlyConfigured: Requested setting REST_FRAMEWORK, but settings are not configured. You must either define the environment variable DJANGO_SETTINGS_MODULE or call settings.configure() before accessing settings.
ERROR tests/test_phase4_features.py - django.core.exceptions.ImproperlyConfigured: Requested setting REST_FRAMEWORK, but settings are not configured. You must either define the environment variable DJANGO_SETTINGS_MODULE or call settings.configure() before accessing settings.
ERROR tests/test_phase5_features.py - django.core.exceptions.ImproperlyConfigured: Requested setting REST_FRAMEWORK, but settings are not configured. You must either define the environment variable DJANGO_SETTINGS_MODULE or call settings.configure() before accessing settings.
ERROR tests/test_phase6_deployment.py - django.core.exceptions.ImproperlyConfigured: Requested setting REST_FRAMEWORK, but settings are not configured. You must either define the environment variable DJANGO_SETTINGS_MODULE or call settings.configure() before accessing settings.
ERROR tests/test_security.py - django.core.exceptions.ImproperlyConfigured: Requested setting REST_FRAMEWORK, but settings are not configured. You must either define the environment variable DJANGO_SETTINGS_MODULE or call settings.configure() before accessing settings.
!!!!!!!!!!!!!!!!!! Interrupted: 13 errors during collection !!!!!!!!!!!!!!!!!!!
======================== 1 warning, 13 errors in 9.71s ========================
